QA output created by 134
qemu-img: TEST_DIR/t.IMGFMT: Writing of encrypted IMGFMT images is no longer supported
Formatting 'TEST_DIR/t.IMGFMT', fmt=IMGFMT size=134217728 encryption=on

== reading whole image ==
qemu-io: can't open device TEST_DIR/t.qcow2: Writing of encrypted qcow2 images is no longer supported
no file open, try 'help open'

== rewriting whole image ==
qemu-io: can't open device TEST_DIR/t.qcow2: Writing of encrypted qcow2 images is no longer supported
no file open, try 'help open'

== verify pattern ==
qemu-io: can't open device TEST_DIR/t.qcow2: Writing of encrypted qcow2 images is no longer supported
no file open, try 'help open'

== verify pattern failure with wrong password ==
qemu-io: can't open device TEST_DIR/t.qcow2: Writing of encrypted qcow2 images is no longer supported
no file open, try 'help open'
*** done
